[Fri Jun 19 20:10:35 2026] PHP 8.3.6 Development Server (http://localhost:8000) started
[Fri Jun 19 20:11:20 2026] [::1]:55724 Accepted
[Fri Jun 19 20:11:20 2026] [::1]:55724 [200]: GET /index.html
[Fri Jun 19 20:11:20 2026] [::1]:55724 Closing
[Fri Jun 19 20:11:20 2026] [::1]:55730 Accepted
[Fri Jun 19 20:11:20 2026] [::1]:55738 Accepted
[Fri Jun 19 20:11:20 2026] [::1]:55740 Accepted
[Fri Jun 19 20:11:20 2026] [::1]:55730 [200]: GET /assets/css/style.css
[Fri Jun 19 20:11:20 2026] [::1]:55738 [200]: GET /assets/js/api.js
[Fri Jun 19 20:11:20 2026] [::1]:55740 [200]: GET /assets/js/auth.js
[Fri Jun 19 20:11:20 2026] [::1]:55730 Closing
[Fri Jun 19 20:11:20 2026] [::1]:55738 Closing
[Fri Jun 19 20:11:20 2026] [::1]:55740 Closing
[Fri Jun 19 20:11:20 2026] [::1]:55744 Accepted
[Fri Jun 19 20:11:20 2026] [::1]:55744 [200]: GET /api/auth/status
[Fri Jun 19 20:11:20 2026] [::1]:55744 Closing
[Fri Jun 19 20:11:52 2026] [::1]:33218 Accepted
[Fri Jun 19 20:11:52 2026] [::1]:33218 [200]: GET /index.html
[Fri Jun 19 20:11:52 2026] [::1]:33218 Closing
[Fri Jun 19 20:11:52 2026] [::1]:33234 Accepted
[Fri Jun 19 20:11:52 2026] [::1]:33242 Accepted
[Fri Jun 19 20:11:52 2026] [::1]:33254 Accepted
[Fri Jun 19 20:11:52 2026] [::1]:33234 [200]: GET /assets/css/style.css
[Fri Jun 19 20:11:52 2026] [::1]:33234 Closing
[Fri Jun 19 20:11:52 2026] [::1]:33242 [200]: GET /assets/js/api.js
[Fri Jun 19 20:11:52 2026] [::1]:33242 Closing
[Fri Jun 19 20:11:52 2026] [::1]:33254 [200]: GET /assets/js/auth.js
[Fri Jun 19 20:11:52 2026] [::1]:33254 Closing
[Fri Jun 19 20:11:52 2026] [::1]:33264 Accepted
[Fri Jun 19 20:11:52 2026] [::1]:33264 [200]: GET /api/auth/status
[Fri Jun 19 20:11:52 2026] [::1]:33264 Closing
[Fri Jun 19 20:11:52 2026] [::1]:33272 Accepted
[Fri Jun 19 20:11:53 2026] [::1]:33272 [200]: POST /api/auth/signup
[Fri Jun 19 20:11:53 2026] [::1]:33272 Closing
[Fri Jun 19 20:11:54 2026] [::1]:33278 Accepted
[Fri Jun 19 20:11:54 2026] [::1]:33278 [200]: POST /api/auth/login
[Fri Jun 19 20:11:54 2026] [::1]:33278 Closing
[Fri Jun 19 20:11:54 2026] [::1]:33288 Accepted
[Fri Jun 19 20:11:54 2026] [::1]:33288 [200]: GET /music.html
[Fri Jun 19 20:11:54 2026] [::1]:33288 Closing
[Fri Jun 19 20:11:54 2026] [::1]:33296 Accepted
[Fri Jun 19 20:11:54 2026] [::1]:33300 Accepted
[Fri Jun 19 20:11:54 2026] [::1]:33310 Accepted
[Fri Jun 19 20:11:54 2026] [::1]:33312 Accepted
[Fri Jun 19 20:11:54 2026] [::1]:33296 [200]: GET /assets/css/style.css
[Fri Jun 19 20:11:54 2026] [::1]:33296 Closing
[Fri Jun 19 20:11:54 2026] [::1]:33300 [200]: GET /assets/js/app.js
[Fri Jun 19 20:11:54 2026] [::1]:33300 Closing
[Fri Jun 19 20:11:54 2026] [::1]:33310 [200]: GET /assets/js/api.js
[Fri Jun 19 20:11:54 2026] [::1]:33312 [200]: GET /assets/js/auth.js
[Fri Jun 19 20:11:54 2026] [::1]:33310 Closing
[Fri Jun 19 20:11:54 2026] [::1]:33312 Closing
[Fri Jun 19 20:11:54 2026] [::1]:33316 Accepted
[Fri Jun 19 20:11:54 2026] [::1]:33316 [200]: GET /api/auth/status
[Fri Jun 19 20:11:54 2026] [::1]:33316 Closing
[Fri Jun 19 20:11:54 2026] [::1]:33324 Accepted
[Fri Jun 19 20:11:54 2026] [::1]:33324 [200]: GET /api/auth/status
[Fri Jun 19 20:11:54 2026] [::1]:33324 Closing
[Fri Jun 19 20:11:54 2026] [::1]:33334 Accepted
[Fri Jun 19 20:11:54 2026] [::1]:33334 [200]: GET /api/download/queue
[Fri Jun 19 20:11:54 2026] [::1]:33334 Closing
[Fri Jun 19 20:11:54 2026] [::1]:33338 Accepted
[Fri Jun 19 20:11:56 2026] [::1]:33338 [200]: GET /api/search?term=Beatles&limit=200&country=US&entity=musicArtist,album,song
[Fri Jun 19 20:11:56 2026] [::1]:33338 Closing
[Fri Jun 19 20:14:11 2026] [::1]:47012 Accepted
[Fri Jun 19 20:14:11 2026] [::1]:47012 [200]: GET /index.html
[Fri Jun 19 20:14:11 2026] [::1]:47012 Closing
[Fri Jun 19 20:14:11 2026] [::1]:47022 Accepted
[Fri Jun 19 20:14:11 2026] [::1]:47032 Accepted
[Fri Jun 19 20:14:11 2026] [::1]:47040 Accepted
[Fri Jun 19 20:14:11 2026] [::1]:47022 [200]: GET /assets/css/style.css
[Fri Jun 19 20:14:11 2026] [::1]:47032 [200]: GET /assets/js/api.js
[Fri Jun 19 20:14:11 2026] [::1]:47040 [200]: GET /assets/js/auth.js
[Fri Jun 19 20:14:11 2026] [::1]:47022 Closing
[Fri Jun 19 20:14:11 2026] [::1]:47032 Closing
[Fri Jun 19 20:14:11 2026] [::1]:47040 Closing
[Fri Jun 19 20:14:11 2026] [::1]:47056 Accepted
[Fri Jun 19 20:14:11 2026] [::1]:47056 [200]: GET /api/auth/status
[Fri Jun 19 20:14:11 2026] [::1]:47056 Closing
[Fri Jun 19 20:14:12 2026] [::1]:47072 Accepted
[Fri Jun 19 20:14:12 2026] [::1]:47072 [400]: POST /api/auth/signup
[Fri Jun 19 20:14:12 2026] [::1]:47072 Closing
[Fri Jun 19 20:15:17 2026] [::1]:55740 Accepted
[Fri Jun 19 20:15:17 2026] [::1]:55740 [200]: GET /index.html
[Fri Jun 19 20:15:17 2026] [::1]:55740 Closing
[Fri Jun 19 20:15:17 2026] [::1]:55756 Accepted
[Fri Jun 19 20:15:17 2026] [::1]:55764 Accepted
[Fri Jun 19 20:15:17 2026] [::1]:55772 Accepted
[Fri Jun 19 20:15:17 2026] [::1]:55756 [200]: GET /assets/css/style.css
[Fri Jun 19 20:15:17 2026] [::1]:55764 [200]: GET /assets/js/api.js
[Fri Jun 19 20:15:17 2026] [::1]:55772 [200]: GET /assets/js/auth.js
[Fri Jun 19 20:15:17 2026] [::1]:55756 Closing
[Fri Jun 19 20:15:17 2026] [::1]:55764 Closing
[Fri Jun 19 20:15:17 2026] [::1]:55772 Closing
[Fri Jun 19 20:15:17 2026] [::1]:51022 Accepted
[Fri Jun 19 20:15:17 2026] [::1]:51022 [200]: GET /api/auth/status
[Fri Jun 19 20:15:17 2026] [::1]:51022 Closing
[Fri Jun 19 20:15:17 2026] [::1]:51034 Accepted
[Fri Jun 19 20:15:17 2026] [::1]:51034 [400]: POST /api/auth/signup
[Fri Jun 19 20:15:17 2026] [::1]:51034 Closing
[Fri Jun 19 20:16:32 2026] [::1]:33476 Accepted
[Fri Jun 19 20:16:32 2026] [::1]:33476 [200]: GET /index.html
[Fri Jun 19 20:16:32 2026] [::1]:33476 Closing
[Fri Jun 19 20:16:33 2026] [::1]:33484 Accepted
[Fri Jun 19 20:16:33 2026] [::1]:33494 Accepted
[Fri Jun 19 20:16:33 2026] [::1]:33500 Accepted
[Fri Jun 19 20:16:33 2026] [::1]:33484 [200]: GET /assets/css/style.css
[Fri Jun 19 20:16:33 2026] [::1]:33484 Closing
[Fri Jun 19 20:16:33 2026] [::1]:33494 [200]: GET /assets/js/api.js
[Fri Jun 19 20:16:33 2026] [::1]:33500 [200]: GET /assets/js/auth.js
[Fri Jun 19 20:16:33 2026] [::1]:33494 Closing
[Fri Jun 19 20:16:33 2026] [::1]:33500 Closing
[Fri Jun 19 20:16:33 2026] [::1]:33502 Accepted
[Fri Jun 19 20:16:33 2026] [::1]:33502 [200]: GET /api/auth/status
[Fri Jun 19 20:16:33 2026] [::1]:33502 Closing
[Fri Jun 19 20:16:33 2026] [::1]:33508 Accepted
[Fri Jun 19 20:16:33 2026] [::1]:33508 [200]: POST /api/auth/login
[Fri Jun 19 20:16:33 2026] [::1]:33508 Closing
[Fri Jun 19 20:16:33 2026] [::1]:33512 Accepted
[Fri Jun 19 20:16:33 2026] [::1]:33512 [200]: GET /music.html
[Fri Jun 19 20:16:33 2026] [::1]:33512 Closing
[Fri Jun 19 20:16:33 2026] [::1]:33526 Accepted
[Fri Jun 19 20:16:33 2026] [::1]:33536 Accepted
[Fri Jun 19 20:16:33 2026] [::1]:33548 Accepted
[Fri Jun 19 20:16:33 2026] [::1]:33556 Accepted
[Fri Jun 19 20:16:33 2026] [::1]:33526 [200]: GET /assets/css/style.css
[Fri Jun 19 20:16:33 2026] [::1]:33536 [200]: GET /assets/js/app.js
[Fri Jun 19 20:16:33 2026] [::1]:33526 Closing
[Fri Jun 19 20:16:33 2026] [::1]:33536 Closing
[Fri Jun 19 20:16:33 2026] [::1]:33548 [200]: GET /assets/js/api.js
[Fri Jun 19 20:16:33 2026] [::1]:33556 [200]: GET /assets/js/auth.js
[Fri Jun 19 20:16:33 2026] [::1]:33548 Closing
[Fri Jun 19 20:16:33 2026] [::1]:33556 Closing
[Fri Jun 19 20:16:33 2026] [::1]:33558 Accepted
[Fri Jun 19 20:16:33 2026] [::1]:33558 [200]: GET /api/auth/status
[Fri Jun 19 20:16:33 2026] [::1]:33558 Closing
[Fri Jun 19 20:16:33 2026] [::1]:33566 Accepted
[Fri Jun 19 20:16:33 2026] [::1]:33566 [200]: GET /api/download/queue
[Fri Jun 19 20:16:33 2026] [::1]:33566 Closing
[Fri Jun 19 20:16:33 2026] [::1]:33582 Accepted
[Fri Jun 19 20:16:33 2026] [::1]:33582 [200]: GET /api/search?term=Beatles&limit=200&country=US&entity=musicArtist,album,song
[Fri Jun 19 20:16:33 2026] [::1]:33582 Closing
